Unexpected closing bracket
(()()()())(())())))))(((())((((()())()(((()))))
~~~~~~~~~~~~~~~~^~~~~~~~~~~~~~~~~~~~~~~~~~~~~~~
Unexpected closing bracket
(()()()())(())())))))(((())((((()())()(((()))))
~~~~~~~~~~~~~~~~~^~~~~~~~~~~~~~~~~~~~~~~~~~~~~~
Unexpected closing bracket
(()()()())(())())))))(((())((((()())()(((()))))
~~~~~~~~~~~~~~~~~~^~~~~~~~~~~~~~~~~~~~~~~~~~~~~
Unexpected closing bracket
(()()()())(())())))))(((())((((()())()(((()))))
~~~~~~~~~~~~~~~~~~~^~~~~~~~~~~~~~~~~~~~~~~~~~~~
Unexpected closing bracket
(()()()())(())())))))(((())((((()())()(((()))))
~~~~~~~~~~~~~~~~~~~~^~~~~~~~~~~~~~~~~~~~~~~~~~~
Opening bracket is not closed
(()()()())(())())))))(((())((((()())()(((()))))
~~~~~~~~~~~~~~~~~~~~~~~~~~~~^~~~~~~~~~~~~~~~~~~
Opening bracket is not closed
(()()()())(())())))))(((())((((()())()(((()))))
~~~~~~~~~~~~~~~~~~~~~~~~~~~^~~~~~~~~~~~~~~~~~~~
Opening bracket is not closed
(()()()())(())())))))(((())((((()())()(((()))))
~~~~~~~~~~~~~~~~~~~~~~^~~~~~~~~~~~~~~~~~~~~~~~~
Opening bracket is not closed
(()()()())(())())))))(((())((((()())()(((()))))
~~~~~~~~~~~~~~~~~~~~~^~~~~~~~~~~~~~~~~~~~~~~~~~